"account_id","card_number","first_name","last_name","overdue_loans"
"1","1523510581525","Peter","Jones","2"
"12","1523510581536","Olivia","Taylor","3"
