"Amount","Card Numbers"
"5","3242342342344,1523510581528,1523510581532,1523510581536,1523510581542"
