"loan_id","item_id","account_id","loan_out_date","due_date","return_date"
"12","44","1","2025-05-02","2025-05-06",NULL
"15","35","1","2025-05-04","2025-05-11",NULL
