"genre_name"
"Business"
"Classical"
"Country"
"Entertainment"
"Fashion"
"Fiction"
"Health"
"Hip-hop / Rap"
"Home & Garden"
"Jazz"
"K-pop"
"Language"
"Latin"
"Lifestyle"
"Mystery"
"News"
"Poetry"
"Reference"
"Rock"
"Romance"
"Soundtrack"
"Sports"
"Technology"
"Travel"
