"title"
"The Great Gatsby"
"To Kill a Mockingbird"
"Nineteen Eighty-Four"
"The Catcher in the Rye"
"The Hobbit"
"Harry Potter and the Sorcerer's Stone"
"The Da Vinci Code"
"The Alchemist"
"Pride and Prejudice"
"The Name of the Wind"
"Gone Girl"
"The Haunting of Hill House"
"Outlander"
"Milk and Honey"
"Foundation"
"Oxford English Dictionary"
"Fluent in 3 Months"
"The Book Thief"
"The Shawshank Redemption"
"The Godfather"
"The Dark Knight"
"Pulp Fiction"
"Titanic"
"The Notebook"
"Spider-Man: No Way Home"
"The Exorcist"
"La La Land"
"WALL-E"
"Her"
"Coco"
"The Silence of the Lambs"
"Schindler’s List"
"Abbey Road"
"Thriller"
"To Pimp a Butterfly"
"Kind of Blue"
"The Four Seasons"
"Golden Hour"
"The Greatest Showman Soundtrack"
"Love Yourself: Tear"
"Colores"
"Back in Black"
"Future Nostalgia"
"good kid, m.A.A.d city"
"Songs in A Minor"
"Blue Train"
"Beethoven: Symphony No. 9"
"Fearless"
"Hamilton (Original Broadway Cast)"
"Map of the Soul: 7"
"El Mal Querer"
"Vogue"
"Time"
"Men’s Health"
"Real Simple"
"Forbes"
"WIRED"
"People"
"Sports Illustrated"
"National Geographic"
"Better Homes & Gardens"
"Elle"
"The Atlantic"
"Women’s Health"
"Martha Stewart Living"
"Bloomberg Businessweek"
"Popular Science"
"Entertainment Weekly"
"ESPN Magazine"
"Condé Nast Traveler"
"HGTV Magazine"
"Speak Now"
"Red"
"Sinners"
"Honest Redneck"
"His Majesty's Dragon (Temeraire)"
