"title","loan_count"
"A Game of Thrones","1"
"Educated","1"
"The Lion King","1"
"Jurassic Park","1"
"Toy Story","1"
"Get Out","1"
"Black Panther","1"
"The Matrix","1"
"21","6"
"The Javelin Program (Time to Orbit: Unknown)","1"
"1989","2"
"The Antarctica Conspiracy (Time to Orbit: Unknown)","1"
"Throne of Jade (Temeraire)","1"
"Black Powder War (Temeraire)","2"
"A Deadly Education (Scholomance)","3"
