"item_id","title","due_date","return_date","card_number","last_name"
"44","21","2025-04-30","2025-05-02","1523510581525","Jones"
"44","21","2025-05-01","2025-05-02","1523510581525","Jones"
"124","A Deadly Education (Scholomance)","2025-04-27",NULL,"1523510581536","Taylor"
"119","Throne of Jade (Temeraire)","2025-04-15","2025-04-19","1523510581536","Taylor"
"120","Black Powder War (Temeraire)","2025-05-03",NULL,"1523510581536","Taylor"
