"COUNT(l.loan_id)","title"
"6","21"
"3","A Deadly Education (Scholomance)"
"2","1989"
"1","The Matrix"
"1","Black Powder War (Temeraire)"
"1","A Game of Thrones"
"1","Toy Story"
"1","Jurassic Park"
"1","Black Panther"
"1","The Lion King"
"1","Get Out"
