"title","times_loaned"
"Black Powder War (Temeraire)","2"
"The Matrix","1"
"Throne of Jade (Temeraire)","1"
"A Deadly Education (Scholomance)","1"
"A Game of Thrones","1"
"Toy Story","1"
"The Antarctica Conspiracy (Time to Orbit: Unknown)","1"
"Jurassic Park","1"
"Educated","1"
"The Javelin Program (Time to Orbit: Unknown)","1"
"Get Out","1"
